prisma/seed.ts(247,33): error TS2353: Object literal may only specify known properties, and 'nome' does not exist in type '(Without<PlanoCreateWithoutAssinaturasInput, PlanoUncheckedCreateWithoutAssinaturasInput> & PlanoUncheckedCreateWithoutAssinaturasInput) | (Without<...> & PlanoCreateWithoutAssinaturasInput)'.
src/app/api/admin/financeiro/stats/route.ts(43,35): error TS2339: Property 'preco' does not exist on type '{ id: string; name: string; createdAt: Date; updatedAt: Date; descricao: string | null; price: number; period: string; features: JsonValue; active: boolean; highlight: boolean; highlightText: string | null; desconto: string | null; discount: string | null; gradient: boolean; }'.
src/app/api/admin/financeiro/stats/route.ts(44,27): error TS2339: Property 'intervalo' does not exist on type '{ id: string; name: string; createdAt: Date; updatedAt: Date; descricao: string | null; price: number; period: string; features: JsonValue; active: boolean; highlight: boolean; highlightText: string | null; desconto: string | null; discount: string | null; gradient: boolean; }'.
src/app/api/admin/financeiro/stats/route.ts(45,32): error TS2339: Property 'intervalo' does not exist on type '{ id: string; name: string; createdAt: Date; updatedAt: Date; descricao: string | null; price: number; period: string; features: JsonValue; active: boolean; highlight: boolean; highlightText: string | null; desconto: string | null; discount: string | null; gradient: boolean; }'.
src/app/api/admin/financeiro/transactions/route.ts(19,44): error TS2353: Object literal may only specify known properties, and 'nome' does not exist in type 'PlanoSelect<DefaultArgs>'.
src/app/api/admin/financeiro/transactions/route.ts(28,25): error TS2551: Property 'assinatura' does not exist on type '{ id: string; createdAt: Date; status: string; valor: number; assinaturaId: string; metodoPagamento: string; transacaoId: string | null; preferenceId: string | null; }'. Did you mean 'assinaturaId'?
src/app/api/admin/financeiro/transactions/route.ts(29,26): error TS2551: Property 'assinatura' does not exist on type '{ id: string; createdAt: Date; status: string; valor: number; assinaturaId: string; metodoPagamento: string; transacaoId: string | null; preferenceId: string | null; }'. Did you mean 'assinaturaId'?
src/app/api/admin/financeiro/transactions/route.ts(30,27): error TS2551: Property 'assinatura' does not exist on type '{ id: string; createdAt: Date; status: string; valor: number; assinaturaId: string; metodoPagamento: string; transacaoId: string | null; preferenceId: string | null; }'. Did you mean 'assinaturaId'?
src/app/api/admin/financeiro/transactions/route.ts(32,21): error TS2551: Property 'assinatura' does not exist on type '{ id: string; createdAt: Date; status: string; valor: number; assinaturaId: string; metodoPagamento: string; transacaoId: string | null; preferenceId: string | null; }'. Did you mean 'assinaturaId'?
src/app/api/seed/route.ts(226,37): error TS2353: Object literal may only specify known properties, and 'nome' does not exist in type '(Without<PlanoCreateWithoutAssinaturasInput, PlanoUncheckedCreateWithoutAssinaturasInput> & PlanoUncheckedCreateWithoutAssinaturasInput) | (Without<...> & PlanoCreateWithoutAssinaturasInput)'.
